// Jest Snapshot v1, https://goo.gl/fbAQLP

exports[`Test House Details Component it renders correctly 1`] = `
<div>
  Loading...
</div>
`;
